node.exe : npm warn 
Unknown user config 
"store-dir". This will 
stop working in the next 
major version of npm. See 
`npm help npmrc` for 
supported config options.
En línea: 1 Carácter: 1
+ & "C:\Program 
Files\nodejs/node.exe" 
"C:\Program 
Files\nodejs/node_mo ...
+ ~~~~~~~~~~~~~~~~~~~~~~~~
~~~~~~~~~~~~~~~~~~~~~~~~~~
~~~~~~~~~~~~~~~~~~~
    + CategoryInfo        
      : NotSpecified: (n  
  pm warn Unknow...conf   
 ig options.:String) [    
], RemoteException
    + FullyQualifiedError 
   Id : NativeCommandErr  
  or
 

> frontend@0.1.0 build
> next build

ÔÜá `eslint` 
configuration in 
next.config.ts is no 
longer supported. See 
more info here: https://ne
xtjs.org/docs/app/api-refe
rence/cli/next#next-lint-o
ptions
ÔÜá Invalid 
next.config.ts options 
detected: 
ÔÜá     Unrecognized 
key(s) in object: 'eslint'
ÔÜá See more info here: ht
tps://nextjs.org/docs/mess
ages/invalid-next-config
ÔÜá Warning: Next.js 
inferred your workspace 
root, but it may not be 
correct.
 We detected multiple 
lockfiles and selected 
the directory of E:\pipeli
nes\package-lock.json as 
the root directory.
 To silence this warning, 
set `turbopack.root` in 
your Next.js config, or 
consider removing one of 
the lockfiles if it's not 
needed.
   See https://nextjs.org/
docs/app/api-reference/con
fig/next-config-js/turbopa
ck#root-directory for 
more information.
 Detected additional 
lockfiles: 
   * E:\pipelines\frontend
\package-lock.json

Ôû▓ Next.js 16.2.3 (Turbopack)

  Creating an optimized production build ...

> Build error occurred
Error: Turbopack build 
failed with 2 errors:
./frontend/src/components/
dashboard/DataPreviewTabs.
tsx:4:1
Export GitDiff doesn't 
exist in target module
  [90m2 |[0m 
[36mimport[0m { 
useState } [36mfrom[0m 
[32m"react"[0m;
  [90m3 |[0m 
[36mimport[0m { motion, 
[33mAnimatePresence[0m 
} [36mfrom[0m 
[32m"framer-motion"[0m;
[31m[1m>[0m [90m4 
|[0m [36mimport[0m { 
[33mArrowLeft[0m, 
[33mArrowRight[0m, 
[33mGitDiff[0m } 
[36mfrom[0m 
[32m"lucide-react"[0m;
  [90m  |[0m [31m[1m^^
^^^^^^^^^^^^^^^^^^^^^^^^^^
^^^^^^^^^^^^^^^^^^^^^^^^^^
^^^^^^^^[0m
  [90m5 |[0m 
[36mimport[0m { cn } 
[36mfrom[0m 
[32m"@/lib/utils"[0m;
  [90m6 |[0m
  [90m7 |[0m 
[36mtype[0m 
[33mTab[0m = 
[32m"raw"[0m | 
[32m"clean"[0m | 
[32m"diff"[0m;

The export GitDiff was 
not found in module [proje
ct]/frontend/node_modules/
lucide-react/dist/esm/luci
de-react.js [app-client] 
(ecmascript).
Did you mean to import 
FileDiff?
All exports of the module 
are statically known (It 
doesn't have dynamic 
exports). So it's known 
statically that the 
requested export doesn't 
exist.

Import traces:
  Client Component 
Browser:
    ./frontend/src/compone
nts/dashboard/DataPreviewT
abs.tsx [Client Component 
Browser]
    ./frontend/src/app/das
hboard/[datasetId]/page.ts
x [Client Component 
Browser]
    ./frontend/src/app/das
hboard/[datasetId]/page.ts
x [Server Component]

  Client Component SSR:
    ./frontend/src/compone
nts/dashboard/DataPreviewT
abs.tsx [Client Component 
SSR]
    ./frontend/src/app/das
hboard/[datasetId]/page.ts
x [Client Component SSR]
    ./frontend/src/app/das
hboard/[datasetId]/page.ts
x [Server Component]


./frontend/src/components/
dashboard/DataPreviewTabs.
tsx:4:1
Export GitDiff doesn't 
exist in target module
  [90m2 |[0m 
[36mimport[0m { 
useState } [36mfrom[0m 
[32m"react"[0m;
  [90m3 |[0m 
[36mimport[0m { motion, 
[33mAnimatePresence[0m 
} [36mfrom[0m 
[32m"framer-motion"[0m;
[31m[1m>[0m [90m4 
|[0m [36mimport[0m { 
[33mArrowLeft[0m, 
[33mArrowRight[0m, 
[33mGitDiff[0m } 
[36mfrom[0m 
[32m"lucide-react"[0m;
  [90m  |[0m [31m[1m^^
^^^^^^^^^^^^^^^^^^^^^^^^^^
^^^^^^^^^^^^^^^^^^^^^^^^^^
^^^^^^^^[0m
  [90m5 |[0m 
[36mimport[0m { cn } 
[36mfrom[0m 
[32m"@/lib/utils"[0m;
  [90m6 |[0m
  [90m7 |[0m 
[36mtype[0m 
[33mTab[0m = 
[32m"raw"[0m | 
[32m"clean"[0m | 
[32m"diff"[0m;

The export GitDiff was 
not found in module [proje
ct]/frontend/node_modules/
lucide-react/dist/esm/luci
de-react.js [app-ssr] 
(ecmascript).
Did you mean to import 
FileDiff?
All exports of the module 
are statically known (It 
doesn't have dynamic 
exports). So it's known 
statically that the 
requested export doesn't 
exist.

Import traces:
  Client Component 
Browser:
    ./frontend/src/compone
nts/dashboard/DataPreviewT
abs.tsx [Client Component 
Browser]
    ./frontend/src/app/das
hboard/[datasetId]/page.ts
x [Client Component 
Browser]
    ./frontend/src/app/das
hboard/[datasetId]/page.ts
x [Server Component]

  Client Component SSR:
    ./frontend/src/compone
nts/dashboard/DataPreviewT
abs.tsx [Client Component 
SSR]
    ./frontend/src/app/das
hboard/[datasetId]/page.ts
x [Client Component SSR]
    ./frontend/src/app/das
hboard/[datasetId]/page.ts
x [Server Component]


    at <unknown> (./fronte
nd/src/components/dashboar
d/DataPreviewTabs.tsx:4:1)
    at <unknown> (./fronte
nd/src/components/dashboar
d/DataPreviewTabs.tsx:4:1)
