next.config.ts(9,3): error TS2353: Object literal may only specify known properties, and 'eslint' does not exist in type 'NextConfig'.
src/app/dashboard/[datasetId]/page.tsx(139,29): error TS2322: Type '{ recommendations: any; chartsData: any; isProcessing: boolean; }' is not assignable to type 'IntrinsicAttributes & { charts_data?: ChartData[] | undefined; isProcessing?: boolean | undefined; }'.
  Property 'recommendations' does not exist on type 'IntrinsicAttributes & { charts_data?: ChartData[] | undefined; isProcessing?: boolean | undefined; }'.
src/app/datasets/page.tsx(108,9): error TS2322: Type '{ sidebarCollapsed: boolean; datasetName: string; onUploadClick: () => void; }' is not assignable to type 'IntrinsicAttributes & { sidebarCollapsed: boolean; datasetName?: string | undefined; datasetStatus?: string | undefined; }'.
  Property 'onUploadClick' does not exist on type 'IntrinsicAttributes & { sidebarCollapsed: boolean; datasetName?: string | undefined; datasetStatus?: string | undefined; }'.
src/components/dashboard/KPIGrid.tsx(23,9): error TS2322: Type '{ title: string; value: string; subtitle: string; icon: ForwardRefExoticComponent<Omit<LucideProps, "ref"> & RefAttributes<SVGSVGElement>>; color: string; delay: number; }' is not assignable to type 'IntrinsicAttributes & { title: string; value: string | number; subtitle?: string | undefined; icon: LucideIcon; className?: string | undefined; }'.
  Property 'color' does not exist on type 'IntrinsicAttributes & { title: string; value: string | number; subtitle?: string | undefined; icon: LucideIcon; className?: string | undefined; }'.
src/components/dashboard/KPIGrid.tsx(31,9): error TS2322: Type '{ title: string; value: string; subtitle: string; icon: ForwardRefExoticComponent<Omit<LucideProps, "ref"> & RefAttributes<SVGSVGElement>>; color: string; delay: number; }' is not assignable to type 'IntrinsicAttributes & { title: string; value: string | number; subtitle?: string | undefined; icon: LucideIcon; className?: string | undefined; }'.
  Property 'color' does not exist on type 'IntrinsicAttributes & { title: string; value: string | number; subtitle?: string | undefined; icon: LucideIcon; className?: string | undefined; }'.
src/components/dashboard/KPIGrid.tsx(39,9): error TS2322: Type '{ title: string; value: number; subtitle: string; icon: ForwardRefExoticComponent<Omit<LucideProps, "ref"> & RefAttributes<SVGSVGElement>>; color: string; delay: number; }' is not assignable to type 'IntrinsicAttributes & { title: string; value: string | number; subtitle?: string | undefined; icon: LucideIcon; className?: string | undefined; }'.
  Property 'color' does not exist on type 'IntrinsicAttributes & { title: string; value: string | number; subtitle?: string | undefined; icon: LucideIcon; className?: string | undefined; }'.
src/components/dashboard/KPIGrid.tsx(47,9): error TS2322: Type '{ title: string; value: number; subtitle: string; icon: ForwardRefExoticComponent<Omit<LucideProps, "ref"> & RefAttributes<SVGSVGElement>>; color: string; delay: number; }' is not assignable to type 'IntrinsicAttributes & { title: string; value: string | number; subtitle?: string | undefined; icon: LucideIcon; className?: string | undefined; }'.
  Property 'color' does not exist on type 'IntrinsicAttributes & { title: string; value: string | number; subtitle?: string | undefined; icon: LucideIcon; className?: string | undefined; }'.
src/components/enterprise/ChartContainer.tsx(108,38): error TS2322: Type '{ children: Element; asChild: true; }' is not assignable to type 'IntrinsicAttributes & Props<unknown>'.
  Property 'asChild' does not exist on type 'IntrinsicAttributes & Props<unknown>'.
src/components/enterprise/ChartContainer.tsx(154,17): error TS2322: Type '"md"' is not assignable to type '"default" | "xs" | "sm" | "lg" | "icon" | "icon-xs" | "icon-sm" | "icon-lg" | null | undefined'.
